Release 14.7 - xst P.20131013 (nt64)
Copyright (c) 1995-2013 Xilinx, Inc.  All rights reserved.
--> Parameter TMPDIR set to xst/projnav.tmp


Total REAL time to Xst completion: 0.00 secs
Total CPU time to Xst completion: 0.25 secs
 
--> Parameter xsthdpdir set to xst


Total REAL time to Xst completion: 0.00 secs
Total CPU time to Xst completion: 0.26 secs
 
--> Reading design: topDDR.prj

TABLE OF CONTENTS
  1) Synthesis Options Summary
  2) HDL Compilation
  3) Design Hierarchy Analysis
  4) HDL Analysis
  5) HDL Synthesis
     5.1) HDL Synthesis Report
  6) Advanced HDL Synthesis
     6.1) Advanced HDL Synthesis Report
  7) Low Level Synthesis
  8) Partition Report
  9) Final Report
	9.1) Device utilization summary
	9.2) Partition Resource Summary
	9.3) TIMING REPORT


=========================================================================
*                      Synthesis Options Summary                        *
=========================================================================
---- Source Parameters
Input File Name                    : "topDDR.prj"
Input Format                       : mixed
Ignore Synthesis Constraint File   : NO

---- Target Parameters
Output File Name                   : "topDDR"
Output Format                      : NGC
Target Device                      : xc3s500e-4-fg320

---- Source Options
Top Module Name                    : topDDR
Automatic FSM Extraction           : YES
FSM Encoding Algorithm             : Auto
Safe Implementation                : No
FSM Style                          : LUT
RAM Extraction                     : Yes
RAM Style                          : Auto
ROM Extraction                     : Yes
Mux Style                          : Auto
Decoder Extraction                 : YES
Priority Encoder Extraction        : Yes
Shift Register Extraction          : YES
Logical Shifter Extraction         : YES
XOR Collapsing                     : YES
ROM Style                          : Auto
Mux Extraction                     : Yes
Resource Sharing                   : YES
Asynchronous To Synchronous        : NO
Multiplier Style                   : Auto
Automatic Register Balancing       : No

---- Target Options
Add IO Buffers                     : YES
Global Maximum Fanout              : 500
Add Generic Clock Buffer(BUFG)     : 24
Register Duplication               : YES
Slice Packing                      : YES
Optimize Instantiated Primitives   : NO
Use Clock Enable                   : Yes
Use Synchronous Set                : Yes
Use Synchronous Reset              : Yes
Pack IO Registers into IOBs        : Auto
Equivalent register Removal        : YES

---- General Options
Optimization Goal                  : Speed
Optimization Effort                : 1
Keep Hierarchy                     : No
Netlist Hierarchy                  : As_Optimized
RTL Output                         : Yes
Global Optimization                : AllClockNets
Read Cores                         : YES
Write Timing Constraints           : NO
Cross Clock Analysis               : NO
Hierarchy Separator                : /
Bus Delimiter                      : <>
Case Specifier                     : Maintain
Slice Utilization Ratio            : 100
BRAM Utilization Ratio             : 100
Verilog 2001                       : YES
Auto BRAM Packing                  : NO
Slice Utilization Ratio Delta      : 5

=========================================================================


=========================================================================
*                          HDL Compilation                              *
=========================================================================
WARNING:HDLParsers:3607 - Unit work/topDDR is now defined in a different file.  It was defined in "//warehouse2.seasad.wustl.edu/home/ayekedavidr/Desktop/cse260/lab5/topDDR.vhd", and is now defined in "//warehouse2/home/ayekedavidr/Desktop/cse260/lab5/topDDR.vhd".
WARNING:HDLParsers:3607 - Unit work/topDDR/topArch is now defined in a different file.  It was defined in "//warehouse2.seasad.wustl.edu/home/ayekedavidr/Desktop/cse260/lab5/topDDR.vhd", and is now defined in "//warehouse2/home/ayekedavidr/Desktop/cse260/lab5/topDDR.vhd".
WARNING:HDLParsers:3607 - Unit work/beatMaker is now defined in a different file.  It was defined in "//warehouse2.seasad.wustl.edu/home/ayekedavidr/Desktop/cse260/lab5/beatMaker.vhd", and is now defined in "//warehouse2/home/ayekedavidr/Desktop/cse260/lab5/beatMaker.vhd".
WARNING:HDLParsers:3607 - Unit work/beatMaker/arch is now defined in a different file.  It was defined in "//warehouse2.seasad.wustl.edu/home/ayekedavidr/Desktop/cse260/lab5/beatMaker.vhd", and is now defined in "//warehouse2/home/ayekedavidr/Desktop/cse260/lab5/beatMaker.vhd".
WARNING:HDLParsers:3607 - Unit work/LCDvhdl is now defined in a different file.  It was defined in "//warehouse2.seasad.wustl.edu/home/ayekedavidr/Desktop/cse260/lab5/Lcd.vhd", and is now defined in "//warehouse2/home/ayekedavidr/Desktop/cse260/lab5/Lcd.vhd".
WARNING:HDLParsers:3607 - Unit work/LCDvhdl/behavior is now defined in a different file.  It was defined in "//warehouse2.seasad.wustl.edu/home/ayekedavidr/Desktop/cse260/lab5/Lcd.vhd", and is now defined in "//warehouse2/home/ayekedavidr/Desktop/cse260/lab5/Lcd.vhd".
WARNING:HDLParsers:3607 - Unit work/scoreKeeper is now defined in a different file.  It was defined in "//warehouse2.seasad.wustl.edu/home/ayekedavidr/Desktop/cse260/lab5/scoreKeeper.vhd", and is now defined in "//warehouse2/home/ayekedavidr/Desktop/cse260/lab5/scoreKeeper.vhd".
WARNING:HDLParsers:3607 - Unit work/scoreKeeper/scoreK is now defined in a different file.  It was defined in "//warehouse2.seasad.wustl.edu/home/ayekedavidr/Desktop/cse260/lab5/scoreKeeper.vhd", and is now defined in "//warehouse2/home/ayekedavidr/Desktop/cse260/lab5/scoreKeeper.vhd".
WARNING:HDLParsers:3607 - Unit work/updateLCD is now defined in a different file.  It was defined in "//warehouse2.seasad.wustl.edu/home/ayekedavidr/Desktop/cse260/lab5/SupportDDR.vhd", and is now defined in "//warehouse2/home/ayekedavidr/Desktop/cse260/lab5/SupportDDR.vhd".
WARNING:HDLParsers:3607 - Unit work/updateLCD/Behavioral is now defined in a different file.  It was defined in "//warehouse2.seasad.wustl.edu/home/ayekedavidr/Desktop/cse260/lab5/SupportDDR.vhd", and is now defined in "//warehouse2/home/ayekedavidr/Desktop/cse260/lab5/SupportDDR.vhd".
WARNING:HDLParsers:3607 - Unit work/commonDefs is now defined in a different file.  It was defined in "//warehouse2.seasad.wustl.edu/home/ayekedavidr/Desktop/cse260/lab5/CommonDefs.vhd", and is now defined in "//warehouse2/home/ayekedavidr/Desktop/cse260/lab5/CommonDefs.vhd".
WARNING:HDLParsers:3607 - Unit work/commonDefs is now defined in a different file.  It was defined in "//warehouse2.seasad.wustl.edu/home/ayekedavidr/Desktop/cse260/lab5/CommonDefs.vhd", and is now defined in "//warehouse2/home/ayekedavidr/Desktop/cse260/lab5/CommonDefs.vhd".
Compiling vhdl file "//warehouse2/home/ayekedavidr/Desktop/cse260/lab5/CommonDefs.vhd" in Library work.
Package <commondefs> compiled.
Package body <commondefs> compiled.
Compiling vhdl file "//warehouse2/home/ayekedavidr/Desktop/cse260/lab5/scoreKeeper.vhd" in Library work.
Architecture scorek of Entity scorekeeper is up to date.
Compiling vhdl file "//warehouse2/home/ayekedavidr/Desktop/cse260/lab5/beatMaker.vhd" in Library work.
Entity <beatmaker> compiled.
Entity <beatmaker> (Architecture <arch>) compiled.
Compiling vhdl file "//warehouse2/home/ayekedavidr/Desktop/cse260/lab5/Lcd.vhd" in Library work.
Architecture behavior of Entity lcdvhdl is up to date.
Compiling vhdl file "//warehouse2/home/ayekedavidr/Desktop/cse260/lab5/SupportDDR.vhd" in Library work.
Entity <updatelcd> compiled.
ERROR:HDLParsers:800 - "//warehouse2/home/ayekedavidr/Desktop/cse260/lab5/SupportDDR.vhd" Line 86. Type of LCD is incompatible with type of top_string.
ERROR:HDLParsers:800 - "//warehouse2/home/ayekedavidr/Desktop/cse260/lab5/SupportDDR.vhd" Line 90. Type of LCD is incompatible with type of bot_string.
ERROR:HDLParsers:800 - "//warehouse2/home/ayekedavidr/Desktop/cse260/lab5/SupportDDR.vhd" Line 95. Type of LCD is incompatible with type of 3d.
ERROR:HDLParsers:800 - "//warehouse2/home/ayekedavidr/Desktop/cse260/lab5/SupportDDR.vhd" Line 96. Type of LCD is incompatible with type of 3d.
ERROR:HDLParsers:800 - "//warehouse2/home/ayekedavidr/Desktop/cse260/lab5/SupportDDR.vhd" Line 97. Type of LCD is incompatible with type of 3d.
ERROR:HDLParsers:800 - "//warehouse2/home/ayekedavidr/Desktop/cse260/lab5/SupportDDR.vhd" Line 100. Type of LCD is incompatible with type of 79.
ERROR:HDLParsers:800 - "//warehouse2/home/ayekedavidr/Desktop/cse260/lab5/SupportDDR.vhd" Line 101. Type of LCD is incompatible with type of 6f.
ERROR:HDLParsers:800 - "//warehouse2/home/ayekedavidr/Desktop/cse260/lab5/SupportDDR.vhd" Line 102. Type of LCD is incompatible with type of 75.
ERROR:HDLParsers:800 - "//warehouse2/home/ayekedavidr/Desktop/cse260/lab5/SupportDDR.vhd" Line 104. Type of LCD is incompatible with type of 3d.
ERROR:HDLParsers:800 - "//warehouse2/home/ayekedavidr/Desktop/cse260/lab5/SupportDDR.vhd" Line 105. Type of LCD is incompatible with type of 3d.
ERROR:HDLParsers:800 - "//warehouse2/home/ayekedavidr/Desktop/cse260/lab5/SupportDDR.vhd" Line 106. Type of LCD is incompatible with type of 3d.
ERROR:HDLParsers:800 - "//warehouse2/home/ayekedavidr/Desktop/cse260/lab5/SupportDDR.vhd" Line 107. Type of LCD is incompatible with type of 3d.
ERROR:HDLParsers:800 - "//warehouse2/home/ayekedavidr/Desktop/cse260/lab5/SupportDDR.vhd" Line 111. Type of LCD is incompatible with type of 3d.
ERROR:HDLParsers:800 - "//warehouse2/home/ayekedavidr/Desktop/cse260/lab5/SupportDDR.vhd" Line 112. Type of LCD is incompatible with type of 3d.
ERROR:HDLParsers:800 - "//warehouse2/home/ayekedavidr/Desktop/cse260/lab5/SupportDDR.vhd" Line 113. Type of LCD is incompatible with type of 3d.
ERROR:HDLParsers:800 - "//warehouse2/home/ayekedavidr/Desktop/cse260/lab5/SupportDDR.vhd" Line 114. Type of LCD is incompatible with type of 3d.
ERROR:HDLParsers:800 - "//warehouse2/home/ayekedavidr/Desktop/cse260/lab5/SupportDDR.vhd" Line 117. Type of LCD is incompatible with type of 77.
ERROR:HDLParsers:800 - "//warehouse2/home/ayekedavidr/Desktop/cse260/lab5/SupportDDR.vhd" Line 118. Type of LCD is incompatible with type of 69.
ERROR:HDLParsers:800 - "//warehouse2/home/ayekedavidr/Desktop/cse260/lab5/SupportDDR.vhd" Line 119. Type of LCD is incompatible with type of 6e.
ERROR:HDLParsers:800 - "//warehouse2/home/ayekedavidr/Desktop/cse260/lab5/SupportDDR.vhd" Line 121. Type of LCD is incompatible with type of 3d.
ERROR:HDLParsers:800 - "//warehouse2/home/ayekedavidr/Desktop/cse260/lab5/SupportDDR.vhd" Line 122. Type of LCD is incompatible with type of 3d.
ERROR:HDLParsers:800 - "//warehouse2/home/ayekedavidr/Desktop/cse260/lab5/SupportDDR.vhd" Line 123. Type of LCD is incompatible with type of 3d.
ERROR:HDLParsers:800 - "//warehouse2/home/ayekedavidr/Desktop/cse260/lab5/SupportDDR.vhd" Line 128. Type of LCD is incompatible with type of 2d.
ERROR:HDLParsers:800 - "//warehouse2/home/ayekedavidr/Desktop/cse260/lab5/SupportDDR.vhd" Line 129. Type of LCD is incompatible with type of 2d.
ERROR:HDLParsers:800 - "//warehouse2/home/ayekedavidr/Desktop/cse260/lab5/SupportDDR.vhd" Line 130. Type of LCD is incompatible with type of 2d.
ERROR:HDLParsers:800 - "//warehouse2/home/ayekedavidr/Desktop/cse260/lab5/SupportDDR.vhd" Line 133. Type of LCD is incompatible with type of 79.
ERROR:HDLParsers:800 - "//warehouse2/home/ayekedavidr/Desktop/cse260/lab5/SupportDDR.vhd" Line 134. Type of LCD is incompatible with type of 6f.
ERROR:HDLParsers:800 - "//warehouse2/home/ayekedavidr/Desktop/cse260/lab5/SupportDDR.vhd" Line 135. Type of LCD is incompatible with type of 75.
ERROR:HDLParsers:800 - "//warehouse2/home/ayekedavidr/Desktop/cse260/lab5/SupportDDR.vhd" Line 137. Type of LCD is incompatible with type of 2d.
ERROR:HDLParsers:800 - "//warehouse2/home/ayekedavidr/Desktop/cse260/lab5/SupportDDR.vhd" Line 138. Type of LCD is incompatible with type of 2d.
ERROR:HDLParsers:800 - "//warehouse2/home/ayekedavidr/Desktop/cse260/lab5/SupportDDR.vhd" Line 139. Type of LCD is incompatible with type of 2d.
ERROR:HDLParsers:800 - "//warehouse2/home/ayekedavidr/Desktop/cse260/lab5/SupportDDR.vhd" Line 140. Type of LCD is incompatible with type of 2d.
ERROR:HDLParsers:800 - "//warehouse2/home/ayekedavidr/Desktop/cse260/lab5/SupportDDR.vhd" Line 144. Type of LCD is incompatible with type of 2d.
ERROR:HDLParsers:800 - "//warehouse2/home/ayekedavidr/Desktop/cse260/lab5/SupportDDR.vhd" Line 145. Type of LCD is incompatible with type of 2d.
ERROR:HDLParsers:800 - "//warehouse2/home/ayekedavidr/Desktop/cse260/lab5/SupportDDR.vhd" Line 146. Type of LCD is incompatible with type of 2d.
ERROR:HDLParsers:800 - "//warehouse2/home/ayekedavidr/Desktop/cse260/lab5/SupportDDR.vhd" Line 147. Type of LCD is incompatible with type of 2d.
ERROR:HDLParsers:800 - "//warehouse2/home/ayekedavidr/Desktop/cse260/lab5/SupportDDR.vhd" Line 150. Type of LCD is incompatible with type of 6c.
ERROR:HDLParsers:800 - "//warehouse2/home/ayekedavidr/Desktop/cse260/lab5/SupportDDR.vhd" Line 151. Type of LCD is incompatible with type of 6f.
ERROR:HDLParsers:800 - "//warehouse2/home/ayekedavidr/Desktop/cse260/lab5/SupportDDR.vhd" Line 152. Type of LCD is incompatible with type of 73.
ERROR:HDLParsers:800 - "//warehouse2/home/ayekedavidr/Desktop/cse260/lab5/SupportDDR.vhd" Line 153. Type of LCD is incompatible with type of 65.
ERROR:HDLParsers:800 - "//warehouse2/home/ayekedavidr/Desktop/cse260/lab5/SupportDDR.vhd" Line 156. Type of LCD is incompatible with type of 2d.
ERROR:HDLParsers:800 - "//warehouse2/home/ayekedavidr/Desktop/cse260/lab5/SupportDDR.vhd" Line 157. Type of LCD is incompatible with type of 2d.
ERROR:HDLParsers:808 - "//warehouse2/home/ayekedavidr/Desktop/cse260/lab5/SupportDDR.vhd" Line 164. sll can not have such operands in this context.
ERROR:HDLParsers:808 - "//warehouse2/home/ayekedavidr/Desktop/cse260/lab5/SupportDDR.vhd" Line 165. sll can not have such operands in this context.
ERROR:HDLParsers:804 - "//warehouse2/home/ayekedavidr/Desktop/cse260/lab5/SupportDDR.vhd" Line 170. Size of bot_string is different than size of the target.
ERROR:HDLParsers:804 - "//warehouse2/home/ayekedavidr/Desktop/cse260/lab5/SupportDDR.vhd" Line 177. Size of top_string is different than size of the target.
ERROR:HDLParsers:804 - "//warehouse2/home/ayekedavidr/Desktop/cse260/lab5/SupportDDR.vhd" Line 185. Size of top_string is different than size of the target.
ERROR:HDLParsers:804 - "//warehouse2/home/ayekedavidr/Desktop/cse260/lab5/SupportDDR.vhd" Line 186. Size of bot_string is different than size of the target.
ERROR:HDLParsers:164 - "//warehouse2/home/ayekedavidr/Desktop/cse260/lab5/SupportDDR.vhd" Line 201. parse error, unexpected PROCESS, expecting IF
ERROR:HDLParsers:164 - "//warehouse2/home/ayekedavidr/Desktop/cse260/lab5/SupportDDR.vhd" Line 223. parse error, unexpected IN
WARNING:HDLParsers:901 - "//warehouse2/home/ayekedavidr/Desktop/cse260/lab5/SupportDDR.vhd" Line 223. Label btn is ignored.
ERROR:HDLParsers:164 - "//warehouse2/home/ayekedavidr/Desktop/cse260/lab5/SupportDDR.vhd" Line 224. parse error, unexpected TOKOUT
WARNING:HDLParsers:901 - "//warehouse2/home/ayekedavidr/Desktop/cse260/lab5/SupportDDR.vhd" Line 224. Label dBtn is ignored.
ERROR:HDLParsers:3312 - "//warehouse2/home/ayekedavidr/Desktop/cse260/lab5/SupportDDR.vhd" Line 238. Undefined symbol 'prevBtn'.
ERROR:HDLParsers:402 - "//warehouse2/home/ayekedavidr/Desktop/cse260/lab5/SupportDDR.vhd" Line 238. Label 'btn' btn can not be used as a primary name.
ERROR:HDLParsers:1209 - "//warehouse2/home/ayekedavidr/Desktop/cse260/lab5/SupportDDR.vhd" Line 239. prevBtn: Undefined symbol (last report in this block)
ERROR:HDLParsers:402 - "//warehouse2/home/ayekedavidr/Desktop/cse260/lab5/SupportDDR.vhd" Line 239. Label 'btn' btn can not be used as a primary name.
ERROR:HDLParsers:3312 - "//warehouse2/home/ayekedavidr/Desktop/cse260/lab5/SupportDDR.vhd" Line 239. Undefined symbol 'count'.
ERROR:HDLParsers:1209 - "//warehouse2/home/ayekedavidr/Desktop/cse260/lab5/SupportDDR.vhd" Line 240. count: Undefined symbol (last report in this block)
ERROR:HDLParsers:3260 - "//warehouse2/home/ayekedavidr/Desktop/cse260/lab5/SupportDDR.vhd" Line 241. Object name expected: Label 'dBtn' unexpected.
ERROR:HDLParsers:402 - "//warehouse2/home/ayekedavidr/Desktop/cse260/lab5/SupportDDR.vhd" Line 241. Label 'btn' btn can not be used as a primary name.
ERROR:HDLParsers:164 - "//warehouse2/home/ayekedavidr/Desktop/cse260/lab5/SupportDDR.vhd" Line 244. parse error, unexpected IF, expecting PROCESS
ERROR:HDLParsers:3011 - "//warehouse2/home/ayekedavidr/Desktop/cse260/lab5/SupportDDR.vhd" Line 246. End Identifier debArch does not match declaration, Behavioral.
--> 

Total memory usage is 244180 kilobytes

Number of errors   :   61 (   0 filtered)
Number of warnings :   14 (   0 filtered)
Number of infos    :    0 (   0 filtered)

