AR topddr toparch //warehouse2.seasad.wustl.edu/home/ayekedavidr/Desktop/cse260/lab5/topDDR.vhd sub00/vhpl13 1430231204
EN updatelcd NULL //warehouse2.seasad.wustl.edu/home/ayekedavidr/Desktop/cse260/lab5/SupportDDR.vhd sub00/vhpl08 1430231199
AR updatelcd behavioral //warehouse2.seasad.wustl.edu/home/ayekedavidr/Desktop/cse260/lab5/SupportDDR.vhd sub00/vhpl09 1430231200
AR debouncer debarch //warehouse2.seasad.wustl.edu/home/ayekedavidr/Desktop/cse260/lab5/SupportDDR.vhd sub00/vhpl11 1430231202
EN topddr NULL //warehouse2.seasad.wustl.edu/home/ayekedavidr/Desktop/cse260/lab5/topDDR.vhd sub00/vhpl12 1430231203
EN lcdvhdl NULL //warehouse2.seasad.wustl.edu/home/ayekedavidr/Desktop/cse260/lab5/Lcd.vhd sub00/vhpl06 1430231197
AR lcdvhdl behavior //warehouse2.seasad.wustl.edu/home/ayekedavidr/Desktop/cse260/lab5/Lcd.vhd sub00/vhpl07 1430231198
PB commondefs commondefs //warehouse2.seasad.wustl.edu/home/ayekedavidr/Desktop/cse260/lab5/CommonDefs.vhd sub00/vhpl01 1430231194
PH commondefs NULL //warehouse2.seasad.wustl.edu/home/ayekedavidr/Desktop/cse260/lab5/CommonDefs.vhd sub00/vhpl00 1430231193
EN beatmaker NULL //warehouse2/home/ayekedavidr/Desktop/cse260/lab5/beatMaker.vhd sub00/vhpl02 1430074219
EN scorekeeper NULL //warehouse2.seasad.wustl.edu/home/ayekedavidr/Desktop/cse260/lab5/scoreKeeper.vhd sub00/vhpl03 1430231195
EN debouncer NULL //warehouse2.seasad.wustl.edu/home/ayekedavidr/Desktop/cse260/lab5/SupportDDR.vhd sub00/vhpl10 1430231201
AR beatmaker arch //warehouse2/home/ayekedavidr/Desktop/cse260/lab5/beatMaker.vhd sub00/vhpl05 1430074220
AR scorekeeper scorek //warehouse2.seasad.wustl.edu/home/ayekedavidr/Desktop/cse260/lab5/scoreKeeper.vhd sub00/vhpl04 1430231196
