AR topddr toparch //warehouse2.seasad.wustl.edu/home/ayekedavidr/Desktop/cse260/lab5/topDDR.vhd sub00/vhpl13 1429395010
EN updatelcd NULL //warehouse2.seasad.wustl.edu/home/ayekedavidr/Desktop/cse260/lab5/SupportDDR.vhd sub00/vhpl08 1429395005
AR updatelcd behavioral //warehouse2.seasad.wustl.edu/home/ayekedavidr/Desktop/cse260/lab5/SupportDDR.vhd sub00/vhpl09 1429395006
AR debouncer debarch //warehouse2.seasad.wustl.edu/home/ayekedavidr/Desktop/cse260/lab5/SupportDDR.vhd sub00/vhpl11 1429395008
EN topddr NULL //warehouse2.seasad.wustl.edu/home/ayekedavidr/Desktop/cse260/lab5/topDDR.vhd sub00/vhpl12 1429395009
EN lcdvhdl NULL //warehouse2.seasad.wustl.edu/home/ayekedavidr/Desktop/cse260/lab5/Lcd.vhd sub00/vhpl06 1429395003
AR lcdvhdl behavior //warehouse2.seasad.wustl.edu/home/ayekedavidr/Desktop/cse260/lab5/Lcd.vhd sub00/vhpl07 1429395004
PB commondefs commondefs //warehouse2.seasad.wustl.edu/home/ayekedavidr/Desktop/cse260/lab5/CommonDefs.vhd sub00/vhpl01 1429396528
PH commondefs NULL //warehouse2.seasad.wustl.edu/home/ayekedavidr/Desktop/cse260/lab5/CommonDefs.vhd sub00/vhpl00 1429396527
EN beatmaker NULL //warehouse2.seasad.wustl.edu/home/ayekedavidr/Desktop/cse260/lab5/beatMaker.vhd sub00/vhpl02 1429396529
EN scorekeeper NULL //warehouse2.seasad.wustl.edu/home/ayekedavidr/Desktop/cse260/lab5/scoreKeeper.vhd sub00/vhpl03 1429394999
EN debouncer NULL //warehouse2.seasad.wustl.edu/home/ayekedavidr/Desktop/cse260/lab5/SupportDDR.vhd sub00/vhpl10 1429395007
AR beatmaker arch //warehouse2.seasad.wustl.edu/home/ayekedavidr/Desktop/cse260/lab5/beatMaker.vhd sub00/vhpl05 1429396530
AR scorekeeper scorek //warehouse2.seasad.wustl.edu/home/ayekedavidr/Desktop/cse260/lab5/scoreKeeper.vhd sub00/vhpl04 1429395000
