V3 31
FL //warehouse2.seasad.wustl.edu/home/ayekedavidr/Desktop/cse260/lab5/beatMaker.vhd 2015/04/18.17:35:23 P.20131013
FL //warehouse2.seasad.wustl.edu/home/ayekedavidr/Desktop/cse260/lab5/CommonDefs.vhd 2015/04/18.18:46:28 P.20131013
PH work/commonDefs 1430241823 \
      FL //warehouse2.seasad.wustl.edu/home/ayekedavidr/Desktop/cse260/lab5/CommonDefs.vhd \
      PB ieee/std_logic_1164 1381692176 PB ieee/std_logic_arith 1381692177 \
      PB ieee/STD_LOGIC_UNSIGNED 1381692179
PB work/commonDefs 1430241824 \
      FL //warehouse2.seasad.wustl.edu/home/ayekedavidr/Desktop/cse260/lab5/CommonDefs.vhd \
      PH work/commonDefs 1430241823 PB ieee/std_logic_1164 1381692176 \
      PB ieee/std_logic_arith 1381692177 PB ieee/STD_LOGIC_UNSIGNED 1381692179
FL //warehouse2.seasad.wustl.edu/home/ayekedavidr/Desktop/cse260/lab5/Lcd.vhd 2015/04/18.16:35:47 P.20131013
EN work/LCDvhdl 1430241827 \
      FL //warehouse2.seasad.wustl.edu/home/ayekedavidr/Desktop/cse260/lab5/Lcd.vhd \
      PB ieee/std_logic_1164 1381692176 PB ieee/std_logic_arith 1381692177 \
      PB ieee/STD_LOGIC_UNSIGNED 1381692179 PB work/commonDefs 1430241824
AR work/LCDvhdl/behavior 1430241828 \
      FL //warehouse2.seasad.wustl.edu/home/ayekedavidr/Desktop/cse260/lab5/Lcd.vhd \
      EN work/LCDvhdl 1430241827
FL //warehouse2.seasad.wustl.edu/home/ayekedavidr/Desktop/cse260/lab5/scoreKeeper.vhd 2015/04/28.12:22:43 P.20131013
EN work/scoreKeeper 1430241825 \
      FL //warehouse2.seasad.wustl.edu/home/ayekedavidr/Desktop/cse260/lab5/scoreKeeper.vhd \
      PB ieee/std_logic_1164 1381692176 PB ieee/std_logic_arith 1381692177 \
      PB ieee/STD_LOGIC_UNSIGNED 1381692179 PB work/commonDefs 1430241824
AR work/scoreKeeper/scoreK 1430241826 \
      FL //warehouse2.seasad.wustl.edu/home/ayekedavidr/Desktop/cse260/lab5/scoreKeeper.vhd \
      EN work/scoreKeeper 1430241825
FL //warehouse2.seasad.wustl.edu/home/ayekedavidr/Desktop/cse260/lab5/SupportDDR.vhd 2015/04/28.10:53:49 P.20131013
EN work/updateLCD 1430241829 \
      FL //warehouse2.seasad.wustl.edu/home/ayekedavidr/Desktop/cse260/lab5/SupportDDR.vhd \
      PB ieee/std_logic_1164 1381692176 PB ieee/std_logic_arith 1381692177 \
      PB ieee/STD_LOGIC_UNSIGNED 1381692179 PB ieee/NUMERIC_STD 1381692181 \
      PB work/commonDefs 1430241824
AR work/updateLCD/Behavioral 1430241830 \
      FL //warehouse2.seasad.wustl.edu/home/ayekedavidr/Desktop/cse260/lab5/SupportDDR.vhd \
      EN work/updateLCD 1430241829
EN work/debouncer 1430241831 \
      FL //warehouse2.seasad.wustl.edu/home/ayekedavidr/Desktop/cse260/lab5/SupportDDR.vhd \
      PB ieee/std_logic_1164 1381692176 PB ieee/std_logic_arith 1381692177 \
      PB ieee/STD_LOGIC_UNSIGNED 1381692179 PB work/commonDefs 1430241824
AR work/debouncer/debArch 1430241832 \
      FL //warehouse2.seasad.wustl.edu/home/ayekedavidr/Desktop/cse260/lab5/SupportDDR.vhd \
      EN work/debouncer 1430241831
FL //warehouse2.seasad.wustl.edu/home/ayekedavidr/Desktop/cse260/lab5/topDDR.vhd 2015/04/27.22:17:01 P.20131013
EN work/topDDR 1430241833 \
      FL //warehouse2.seasad.wustl.edu/home/ayekedavidr/Desktop/cse260/lab5/topDDR.vhd \
      PB ieee/std_logic_1164 1381692176 PB ieee/std_logic_arith 1381692177 \
      PB ieee/STD_LOGIC_UNSIGNED 1381692179 PB work/commonDefs 1430241824
AR work/topDDR/topArch 1430241834 \
      FL //warehouse2.seasad.wustl.edu/home/ayekedavidr/Desktop/cse260/lab5/topDDR.vhd \
      EN work/topDDR 1430241833 CP debouncer CP scoreKeeper CP beatMaker CP LCDvhdl \
      CP updateLCD
FL //warehouse2/home/ayekedavidr/Desktop/cse260/lab5/beatMaker.vhd 2015/04/18.18:01:18 P.20131013
EN work/beatMaker 1430074219 \
      FL //warehouse2/home/ayekedavidr/Desktop/cse260/lab5/beatMaker.vhd \
      PB ieee/std_logic_1164 1381692176 PB ieee/std_logic_arith 1381692177 \
      PB ieee/STD_LOGIC_UNSIGNED 1381692179 PB work/commonDefs 1430241824
AR work/beatMaker/arch 1430074220 \
      FL //warehouse2/home/ayekedavidr/Desktop/cse260/lab5/beatMaker.vhd \
      EN work/beatMaker 1430074219
FL //warehouse2/home/ayekedavidr/Desktop/cse260/lab5/CommonDefs.vhd 2015/04/18.18:46:28 P.20131013
FL //warehouse2/home/ayekedavidr/Desktop/cse260/lab5/Lcd.vhd 2015/04/18.16:35:47 P.20131013
FL //warehouse2/home/ayekedavidr/Desktop/cse260/lab5/scoreKeeper.vhd 2015/04/18.16:35:56 P.20131013
FL //warehouse2/home/ayekedavidr/Desktop/cse260/lab5/SupportDDR.vhd 2015/04/27.21:01:21 P.20131013
FL //warehouse2/home/ayekedavidr/Desktop/cse260/lab5/topDDR.vhd 2015/04/18.16:36:01 P.20131013
